
> nextn@0.1.0 build
> next build

   Γû▓ Next.js 15.3.3

   Creating an optimized production build ...
node.exe : Failed to compile.
At line:1 char:1
+ & "C:\Program 
Files\nodejs/node.exe" 
"C:\Program 
Files\nodejs/node_mo ...
+ ~~~~~~~~~~~~~~~~~~~~~~~~~~~
~~~~~~~~~~~~~~~~~~~~~~~~~~~~~
~~~~~~~~~~~~~
    + CategoryInfo           
   : NotSpecified: (Failed   
  to compile.:String) [],    
 RemoteException
    + FullyQualifiedErrorId  
   : NativeCommandError
 

./src/app/admin/stock/page.ts
x
Error:   [31mx[0m Expected 
',', got 'isOpen'
     
,-[[36;1;4mC:\Users\Sanjay K
umaar\Pharmatracklite\pharmac
y\src\app\admin\stock\page.ts
x[0m:505:1]
 [2m502[0m |       </div>
 [2m503[0m | 
 [2m504[0m |       
<AddEditMedicineDialog
 [2m505[0m |         
isOpen={isDialogOpen}
     : [35;1m        
^^^^^^[0m
 [2m506[0m |         
onClose={() => 
setIsDialogOpen(false)}
 [2m507[0m |         
medicine={selectedMedicine}
 [2m508[0m |       />
     `----

Caused by:
    Syntax Error

Import trace for requested 
module:
./src/app/admin/stock/page.ts
x


> Build failed because of 
webpack errors
